Microchip MPLAB XC8 Compiler V2.00 ()

Linker command line:

-W-3 --edf=C:\Program Files (x86)\Microchip\xc8\v2.00\pic\dat\en_msgs.txt \
  -pivt0x8=08h -cs \
  -h+dist/Left/production\IR_Splitted_Slave.X.production.sym \
  --cmf=dist/Left/production\IR_Splitted_Slave.X.production.cmf -z \
  -Q18LF25K42 -oC:\Users\imada\AppData\Local\Temp\slig.2 \
  --defsym=__MPLAB_BUILD=1 \
  -Mdist/Left/production/IR_Splitted_Slave.X.production.map -E1 -ver=XC8 \
  --acfsm=1493 -ASTACK=0236h-07ffh -pstack=STACK -ACODE=00h-07FFFh \
  -ACONST=00h-07FFFh -ASMALLCONST=0800h-08FFhx120 \
  -AMEDIUMCONST=0800h-07FFFh -ACOMRAM=01h-05Fh -AABS1=00h-07FFh \
  -ABIGRAM=01h-07FFh -ARAM=060h-0FFh,0100h-01FFhx7 -ABANK0=060h-0FFh \
  -ABANK1=0100h-01FFh -ABANK2=0200h-02FFh -ABANK3=0300h-03FFh \
  -ABANK4=0400h-04FFh -ABANK5=0500h-05FFh -ABANK6=0600h-06FFh \
  -ABANK7=0700h-07FFh -ASFR=03800h-038FFhx7,03F00h-03F5Fh,03F60h-03FFFh \
  -preset_vec=00h -ppowerup=CODE,init -pramtop=0800h \
  -psmallconst=SMALLCONST -pmediumconst=MEDIUMCONST -pconst=CONST \
  -AFARRAM=00h-00h -ACONFIG=0300000h-0300009h -pconfig=CONFIG \
  -AIDLOC=0200000h-020000Fh -pidloc=IDLOC -AEEDATA=0310000h-03100FFh \
  -peeprom_data=EEDATA \
  -prdata=COMRAM,nvrram=COMRAM,nvbit=COMRAM,rbss=COMRAM,rbit=COMRAM \
  -pfarbss=FARRAM,fardata=FARRAM,nvFARRAM=FARRAM \
  -pintsave_regs=BIGRAM,bigbss=BIGRAM,bigdata=BIGRAM -pbss=RAM \
  -pidata=CODE,irdata=CODE,ibigdata=CODE,ifardata=CODE -pparam0=BANK0 \
  C:\Users\imada\AppData\Local\Temp\slig.o \
  dist/Left/production\IR_Splitted_Slave.X.production.o 

Object code version is 3.11

Machine type is 18LF25K42

Call graph: (short form)




                Name                               Link     Load   Length Selector   Space Scale
C:\Users\imada\AppData\Local\Temp\slig.o
                init                                 AE       AE        4        4       0
                reset_vec                             0        0        4        0       0
                idloc                            200000   200000       10   200000       0
                config                           300000   300000        A   300000       0
dist/Left/production\IR_Splitted_Slave.X.production.o
                mediumconst                        7DE8     7DE8      218     3EF4       0
                ivt0x8                                8        8       A6        4       0
                text32                             1C9C     1C9C        8      6EE       0
                text31                             1CA4     1CA4        6      6EE       0
                text30                             1C94     1C94        8      6EE       0
                text29                             16A2     16A2       94      3DA       0
                text28                             1362     1362      1B4      3DA       0
                text27                             1186     1186      1DC      3DA       0
                text26                               B2       B2      49C        4       0
                text25                             18C4     18C4       74      631       0
                text24                             1BB8     1BB8       36      6EE       0
                text23                              D1C      D1C      24A      347       0
                text22                             1848     1848       7A      3DA       0
                text21                             1AB0     1AB0       50      631       0
                text20                              F68      F68      21E      3DA       0
                text19                             1C8C     1C8C        8      6EE       0
                text18                             1C84     1C84        8      6EE       0
                text17                             1C74     1C74       10      6EE       0
                text16                             1A0C     1A0C       54      631       0
                text15                             17C2     17C2       86      3DA       0
                text14                             1BEE     1BEE       24      6EE       0
                text13                             1C12     1C12       1C      6EE       0
                text12                             1B44     1B44       3C      631       0
                text11                             1A60     1A60       50      631       0
                text10                             1516     1516       F2      3DA       0
                text9                              1608     1608       9A      3DA       0
                text8                              1C48     1C48       18      6EE       0
                text7                              1C2E     1C2E       1A      6EE       0
                text6                              1B80     1B80       36      631       0
                text5                              1C60     1C60       14      6EE       0
                text4                              19AA     19AA       62      631       0
                text3                              1B00     1B00       44      631       0
                text2                              1736     1736       8C      3DA       0
                text1                               994      994      386        4       0
                text0                               54E      54E      446        4       0
                cstackCOMRAM                         23       23       22        1       1
                cstackBANK0                          60       60       36       60       1
                cstackBANK2                         200      200       36      200       1
                bssBANK1                            100      100      100      100       1
                dataBANK0                            BD       BD        1       60       1
                bssBANK0                             96       96       27       60       1
                dataCOMRAM                           45       45        2        1       1
                bssCOMRAM                             1        1       22        1       1
                cinit                              1938     1938       72      631       0
                idataBANK0                         1CAC     1CAC        1      6EE       0
                idataCOMRAM                        1CAA     1CAA        2      6EE       0

TOTAL           Name                               Link     Load   Length     Space
        CLASS   STACK          

        CLASS   CODE           
                init                                 AE       AE        4         0
                reset_vec                             0        0        4         0
                ivt0x8                                8        8       A6         0
                text32                             1C9C     1C9C        8         0
                text31                             1CA4     1CA4        6         0
                text30                             1C94     1C94        8         0
                text29                             16A2     16A2       94         0
                text28                             1362     1362      1B4         0
                text27                             1186     1186      1DC         0
                text26                               B2       B2      49C         0
                text25                             18C4     18C4       74         0
                text24                             1BB8     1BB8       36         0
                text23                              D1C      D1C      24A         0
                text22                             1848     1848       7A         0
                text21                             1AB0     1AB0       50         0
                text20                              F68      F68      21E         0
                text19                             1C8C     1C8C        8         0
                text18                             1C84     1C84        8         0
                text17                             1C74     1C74       10         0
                text16                             1A0C     1A0C       54         0
                text15                             17C2     17C2       86         0
                text14                             1BEE     1BEE       24         0
                text13                             1C12     1C12       1C         0
                text12                             1B44     1B44       3C         0
                text11                             1A60     1A60       50         0
                text10                             1516     1516       F2         0
                text9                              1608     1608       9A         0
                text8                              1C48     1C48       18         0
                text7                              1C2E     1C2E       1A         0
                text6                              1B80     1B80       36         0
                text5                              1C60     1C60       14         0
                text4                              19AA     19AA       62         0
                text3                              1B00     1B00       44         0
                text2                              1736     1736       8C         0
                text1                               994      994      386         0
                text0                               54E      54E      446         0
                cinit                              1938     1938       72         0
                idataBANK0                         1CAC     1CAC        1         0
                idataCOMRAM                        1CAA     1CAA        2         0

        CLASS   CONST          

        CLASS   SMALLCONST     

        CLASS   MEDIUMCONST    
                mediumconst                        7DE8     7DE8      218         0

        CLASS   COMRAM         
                cstackCOMRAM                         23       23       22         1
                dataCOMRAM                           45       45        2         1
                bssCOMRAM                             1        1       22         1

        CLASS   ABS1           

        CLASS   BIGRAM         

        CLASS   RAM            

        CLASS   BANK0          
                cstackBANK0                          60       60       36         1
                dataBANK0                            BD       BD        1         1
                bssBANK0                             96       96       27         1

        CLASS   BANK1          
                bssBANK1                            100      100      100         1

        CLASS   BANK2          
                cstackBANK2                         200      200       36         1

        CLASS   BANK3          

        CLASS   BANK4          

        CLASS   BANK5          

        CLASS   BANK6          

        CLASS   BANK7          

        CLASS   SFR            

        CLASS   FARRAM         

        CLASS   CONFIG         
                config                           300000   300000        A         0

        CLASS   IDLOC          
                idloc                            200000   200000       10         0

        CLASS   EEDATA         



SEGMENTS        Name                           Load    Length   Top    Selector   Space  Class

                reset_vec                      000000  000004  000004         0       0  CODE    
                bssCOMRAM                      000001  000046  000047         1       1  COMRAM  
                ivt0x8                         000008  000D12  000D1A         4       0  CODE    
                cstackBANK0                    000060  00005E  0000BE        60       1  BANK0   
                bssBANK1                       000100  000100  000200       100       1  BANK1   
                cstackBANK2                    000200  000036  000236       200       1  BANK2   
                text23                         000D1C  00024A  000F66       347       0  CODE    
                text20                         000F68  00095A  0018C2       3DA       0  CODE    
                text25                         0018C4  0002F2  001BB6       631       0  CODE    
                text24                         001BB8  0000F5  001CAD       6EE       0  CODE    
                mediumconst                    007DE8  000218  008000      3EF4       0  MEDIUMCO
                idloc                          200000  000010  200010    200000       0  IDLOC   
                config                         300000  00000A  30000A    300000       0  CONFIG  


UNUSED ADDRESS RANGES

        Name                Unused          Largest block    Delta
        BANK0            0000BE-0000FF               42
        BANK2            000236-0002FF               CA
        BANK3            000300-0003FF              100
        BANK4            000400-0004FF              100
        BANK5            000500-0005FF              100
        BANK6            000600-0006FF              100
        BANK7            000700-0007FF              100
        BIGRAM           000047-00005F               19
                         0000BE-0000FF               42
                         000236-0007FF              5CA
        CODE             000004-000007                4
                         000D1A-000D1B                2
                         000F66-000F67                2
                         0018C2-0018C3                2
                         001BB6-001BB7                2
                         001CAD-007DE7             613B
        COMRAM           000047-00005F               19
        CONST            000004-000007                4
                         000D1A-000D1B                2
                         000F66-000F67                2
                         0018C2-0018C3                2
                         001BB6-001BB7                2
                         001CAD-007DE7             613B
        EEDATA           310000-3100FF              100
        MEDIUMCONST      000D1A-000D1B                2
                         000F66-000F67                2
                         0018C2-0018C3                2
                         001BB6-001BB7                2
                         001CAD-007DE7             613B
        RAM              0000BE-0000FF               42
                         000236-0007FF              100
        SFR              003800-003FFF              100
        SMALLCONST       000D1A-000D1B                2
                         000F66-000F67                2
                         0018C2-0018C3                2
                         001BB6-001BB7                2
                         001CAD-007DE7              100
        STACK            000236-0007FF              5CA

                                  Symbol Table

?___awdiv                     cstackBANK0  000083
?___lmul                      cstackCOMRAM 000034
IVTBASEH                      (abs)        003FD6
IVTBASEL                      (abs)        003FD5
IVTBASEU                      (abs)        003FD7
LED@data                      cstackBANK0  000072
LED@digit                     cstackBANK0  000076
SMT1PRA_ISR@data              cstackCOMRAM 000040
SMT1PRA_ISR@diff              cstackCOMRAM 000041
SMT1PRW_ISR@data              cstackCOMRAM 00002F
SMT1PRW_ISR@diff              cstackCOMRAM 000030
TMR5_ISR@c                    bssCOMRAM    00001E
_ANSELA                       (abs)        003A40
_ANSELB                       (abs)        003A50
_ANSELC                       (abs)        003A60
_CCDCON                       (abs)        003ABE
_CCDCONbits                   (abs)        003ABE
_CCDNA                        (abs)        003A49
_CCDNB                        (abs)        003A59
_CCDNC                        (abs)        003A69
_CCDPA                        (abs)        003A48
_CCDPB                        (abs)        003A58
_CCDPC                        (abs)        003A68
_CCP1CONbits                  (abs)        003F7E
_CCP1IF                       (abs)        01CD23
_CCP1_ISR                     text32       001C9C
_CCPR1                        (abs)        003F7C
_CCPTMRS0bits                 (abs)        003F5E
_CCPTMRS1bits                 (abs)        003F5F
_CLC1CON                      (abs)        003C74
_CLC1GLS0                     (abs)        003C7A
_CLC1GLS1                     (abs)        003C7B
_CLC1GLS2                     (abs)        003C7C
_CLC1GLS3                     (abs)        003C7D
_CLC1POL                      (abs)        003C75
_CLC1POLbits                  (abs)        003C75
_CLC1SEL0                     (abs)        003C76
_CLC1SEL1                     (abs)        003C77
_CPUDOZEbits                  (abs)        0039D8
_CRCCON0                      (abs)        003968
_CRCCON1                      (abs)        003969
_CRCXOR                       (abs)        003966
_ConfigureOscillator          text17       001C74
_DEFAULT_ISR                  text19       001C8C
_DMA1CON0                     (abs)        003BFC
_DMA1CON0bits                 (abs)        003BFC
_DMA1CON1                     (abs)        003BFD
_DMA1DSA                      (abs)        003BF0
_DMA1DSZ                      (abs)        003BEE
_DMA1PR                       (abs)        0039F3
_DMA1SCNTIF                   (abs)        01CD10
_DMA1SCNT_ISR                 text31       001CA4
_DMA1SIRQ                     (abs)        003BFF
_DMA1SSA                      (abs)        003BF9
_DMA1SSZ                      (abs)        003BF7
_DOE                          (abs)        01CEC4
_DOZEN                        (abs)        01CEC6
_INLVLA                       (abs)        003A44
_INLVLB                       (abs)        003A54
_INLVLC                       (abs)        003A64
_INLVLE                       (abs)        003A84
_INTCON0bits                  (abs)        003FD2
_IOCBF                        (abs)        003A57
_IOCBN                        (abs)        003A56
_IOCIE                        (abs)        01CC87
_IOC_ISR                      text30       001C94
_ISRPR                        (abs)        0039F1
_InitApp                      text7        001C2E
_LATA                         (abs)        003FBA
_LATA6                        (abs)        01FDD6
_LATB                         (abs)        003FBB
_LATC                         (abs)        003FBC
_LATC0                        (abs)        01FDE0
_LATC3                        (abs)        01FDE3
_LED                          text29       0016A2
_MAINPR                       (abs)        0039F2
_MD1CARH                      (abs)        003CFE
_MD1CARHPPS                   (abs)        003AD7
_MD1CARL                      (abs)        003CFD
_MD1CON0                      (abs)        003CFA
_MD1CON0bits                  (abs)        003CFA
_MD1CON1                      (abs)        003CFB
_MD1SRC                       (abs)        003CFC
_ODCONA                       (abs)        003A42
_ODCONB                       (abs)        003A52
_ODCONC                       (abs)        003A62
_OSCCON1bits                  (abs)        0039D9
_OSCFRQ                       (abs)        0039DF
_PIE0                         (abs)        003990
_PIE1                         (abs)        003991
_PIE10                        (abs)        00399A
_PIE2                         (abs)        003992
_PIE3                         (abs)        003993
_PIE4                         (abs)        003994
_PIE5                         (abs)        003995
_PIE6                         (abs)        003996
_PIE7                         (abs)        003997
_PIE8                         (abs)        003998
_PIE9                         (abs)        003999
_PIR2bits                     (abs)        0039A2
_PMD0                         (abs)        0039C0
_PMD0bits                     (abs)        0039C0
_PMD1                         (abs)        0039C1
_PMD1bits                     (abs)        0039C1
_PMD2                         (abs)        0039C2
_PMD3                         (abs)        0039C3
_PMD3bits                     (abs)        0039C3
_PMD4                         (abs)        0039C4
_PMD5                         (abs)        0039C5
_PMD6                         (abs)        0039C6
_PMD6bits                     (abs)        0039C6
_PMD7                         (abs)        0039C7
_PMD7bits                     (abs)        0039C7
_PORTB                        (abs)        003FCB
_PORTCbits                    (abs)        003FCC
_PWM5CON                      (abs)        003F6E
_PWM5DCH                      (abs)        003F6D
_RA7PPS                       (abs)        003A07
_RC2PPS                       (abs)        003A12
_ROI                          (abs)        01CEC5
_SLRCONA                      (abs)        003A43
_SLRCONB                      (abs)        003A53
_SLRCONC                      (abs)        003A63
_SMT1CLK                      (abs)        003F21
_SMT1CON0                     (abs)        003F1E
_SMT1CON1                     (abs)        003F1F
_SMT1CPR                      (abs)        003F15
_SMT1CPW                      (abs)        003F18
_SMT1IE                       (abs)        01CC8D
_SMT1IF                       (abs)        01CD0D
_SMT1IP                       (abs)        01CC0D
_SMT1PR                       (abs)        003F1B
_SMT1PRAIE                    (abs)        01CC8E
_SMT1PRAIF                    (abs)        01CD0E
_SMT1PRAIP                    (abs)        01CC0E
_SMT1PRA_ISR                  text23       000D1C
_SMT1PRW_ISR                  text20       000F68
_SMT1PWAIE                    (abs)        01CC8F
_SMT1PWAIF                    (abs)        01CD0F
_SMT1PWAIP                    (abs)        01CC0F
_SMT1SIGPPS                   (abs)        003AD2
_SMT1STAT                     (abs)        003F20
_SMT1_ISR                     text24       001BB8
_SWINT_ISR                    text18       001C84
_T2CLK                        (abs)        003FAE
_T2CON                        (abs)        003FAC
_T2CONbits                    (abs)        003FAC
_T2PR                         (abs)        003FAB
_T2RST                        (abs)        003FAF
_T3CLK                        (abs)        003FA9
_T3CON                        (abs)        003FA6
_T3CONbits                    (abs)        003FA6
_T5CLK                        (abs)        003F9D
_T5CON                        (abs)        003F9A
_T5GCON                       (abs)        003F9B
_TMR2                         (abs)        003FAA
_TMR3H                        (abs)        003FA5
_TMR3L                        (abs)        003FA4
_TMR5IE                       (abs)        01CCC6
_TMR5IF                       (abs)        01CD46
_TMR5IP                       (abs)        01CC46
_TMR5_ISR                     text25       0018C4
_TRISA                        (abs)        003FC2
_TRISB                        (abs)        003FC3
_TRISC                        (abs)        003FC4
_TRISCbits                    (abs)        003FC4
_WPUA                         (abs)        003A41
_WPUB                         (abs)        003A51
_WPUC                         (abs)        003A61
_WPUE                         (abs)        003A81
__CFG_BBEN$OFF                (abs)        000000
__CFG_BBSIZE$BBSIZE_512       (abs)        000000
__CFG_BOREN$OFF               (abs)        000000
__CFG_BORV$VBOR_190           (abs)        000000
__CFG_CLKOUTEN$OFF            (abs)        000000
__CFG_CP$OFF                  (abs)        000000
__CFG_CSWEN$ON                (abs)        000000
__CFG_DEBUG$OFF               (abs)        000000
__CFG_FCMEN$OFF               (abs)        000000
__CFG_FEXTOSC$OFF             (abs)        000000
__CFG_IVT1WAY$OFF             (abs)        000000
__CFG_LPBOREN$OFF             (abs)        000000
__CFG_LVP$OFF                 (abs)        000000
__CFG_MCLRE$INTMCLR           (abs)        000000
__CFG_MVECEN$ON               (abs)        000000
__CFG_PPS1WAY$OFF             (abs)        000000
__CFG_PR1WAY$OFF              (abs)        000000
__CFG_PWRTS$PWRT_16           (abs)        000000
__CFG_RSTOSC$HFINTOSC_1MHZ    (abs)        000000
__CFG_SAFEN$OFF               (abs)        000000
__CFG_STVREN$ON               (abs)        000000
__CFG_WDTCCS$SC               (abs)        000000
__CFG_WDTCPS$WDTCPS_31        (abs)        000000
__CFG_WDTCWS$WDTCWS_7         (abs)        000000
__CFG_WDTE$OFF                (abs)        000000
__CFG_WRTAPP$OFF              (abs)        000000
__CFG_WRTB$OFF                (abs)        000000
__CFG_WRTC$OFF                (abs)        000000
__CFG_WRTD$OFF                (abs)        000000
__CFG_WRTSAF$OFF              (abs)        000000
__CFG_XINST$OFF               (abs)        000000
__CFG_ZCD$OFF                 (abs)        000000
__HRAM                        (abs)        000000
__Habs1                       abs1         000000
__Hbank0                      bank0        000000
__Hbank1                      bank1        000000
__Hbank2                      bank2        000000
__Hbank3                      bank3        000000
__Hbank4                      bank4        000000
__Hbank5                      bank5        000000
__Hbank6                      bank6        000000
__Hbank7                      bank7        000000
__Hbigbss                     bigbss       000000
__Hbigdata                    bigdata      000000
__Hbigram                     bigram       000000
__Hbss                        bss          000000
__HbssBANK0                   bssBANK0     000000
__HbssBANK1                   bssBANK1     000000
__HbssCOMRAM                  bssCOMRAM    000000
__Hcinit                      cinit        000000
__Hclrtext                    clrtext      000000
__Hcomram                     comram       000000
__Hconfig                     config       30000A
__Hconst                      const        000000
__HcstackBANK0                cstackBANK0  000000
__HcstackBANK2                cstackBANK2  000000
__HcstackCOMRAM               cstackCOMRAM 000000
__Hdata                       data         000000
__HdataBANK0                  dataBANK0    000000
__HdataCOMRAM                 dataCOMRAM   000000
__Heeprom_data                eeprom_data  000000
__Hfarbss                     farbss       000000
__Hfardata                    fardata      000000
__Hibigdata                   ibigdata     000000
__Hidata                      idata        000000
__HidataBANK0                 idataBANK0   000000
__HidataCOMRAM                idataCOMRAM  000000
__Hidloc                      idloc        200010
__Hifardata                   ifardata     000000
__Hinit                       init         0000B2
__Hintsave_regs               intsave_regs 000000
__Hirdata                     irdata       000000
__Hivt0x8                     ivt0x8       0000AE
__Hmediumconst                mediumconst  008000
__HnvFARRAM                   nvFARRAM     000000
__Hnvbit                      nvbit        000000
__Hnvrram                     nvrram       000000
__Hparam                      param0       000000
__Hparam0                     param0       000000
__Hpowerup                    powerup      000000
__Hram                        ram          000000
__Hramtop                     ramtop       000800
__Hrbit                       rbit         000000
__Hrbss                       rbss         000000
__Hrdata                      rdata        000000
__Hreset_vec                  reset_vec    000004
__Hsfr                        sfr          000000
__Hsmallconst                 smallconst   000000
__Hspace_0                    (abs)        30000A
__Hspace_1                    (abs)        000236
__Hspace_2                    (abs)        000000
__Hstack                      stack        000000
__Hstruct                     struct       000000
__Htemp                       temp         000000
__Htext                       text         000000
__Htext0                      text0        000000
__Htext1                      text1        000000
__Htext10                     text10       000000
__Htext11                     text11       000000
__Htext12                     text12       000000
__Htext13                     text13       000000
__Htext14                     text14       000000
__Htext15                     text15       000000
__Htext16                     text16       000000
__Htext17                     text17       000000
__Htext18                     text18       000000
__Htext19                     text19       000000
__Htext2                      text2        000000
__Htext20                     text20       000000
__Htext21                     text21       000000
__Htext22                     text22       000000
__Htext23                     text23       000000
__Htext24                     text24       000000
__Htext25                     text25       000000
__Htext26                     text26       000000
__Htext27                     text27       000000
__Htext28                     text28       000000
__Htext29                     text29       000000
__Htext3                      text3        000000
__Htext30                     text30       000000
__Htext31                     text31       000000
__Htext32                     text32       000000
__Htext4                      text4        000000
__Htext5                      text5        000000
__Htext6                      text6        000000
__Htext7                      text7        000000
__Htext8                      text8        000000
__Htext9                      text9        000000
__LRAM                        (abs)        000001
__Labs1                       abs1         000000
__Lbank0                      bank0        000000
__Lbank1                      bank1        000000
__Lbank2                      bank2        000000
__Lbank3                      bank3        000000
__Lbank4                      bank4        000000
__Lbank5                      bank5        000000
__Lbank6                      bank6        000000
__Lbank7                      bank7        000000
__Lbigbss                     bigbss       000000
__Lbigdata                    bigdata      000000
__Lbigram                     bigram       000000
__Lbss                        bss          000000
__LbssBANK0                   bssBANK0     000000
__LbssBANK1                   bssBANK1     000000
__LbssCOMRAM                  bssCOMRAM    000000
__Lcinit                      cinit        000000
__Lclrtext                    clrtext      000000
__Lcomram                     comram       000000
__Lconfig                     config       300000
__Lconst                      const        000000
__LcstackBANK0                cstackBANK0  000000
__LcstackBANK2                cstackBANK2  000000
__LcstackCOMRAM               cstackCOMRAM 000000
__Ldata                       data         000000
__LdataBANK0                  dataBANK0    000000
__LdataCOMRAM                 dataCOMRAM   000000
__Leeprom_data                eeprom_data  000000
__Lfarbss                     farbss       000000
__Lfardata                    fardata      000000
__Libigdata                   ibigdata     000000
__Lidata                      idata        000000
__LidataBANK0                 idataBANK0   000000
__LidataCOMRAM                idataCOMRAM  000000
__Lidloc                      idloc        200000
__Lifardata                   ifardata     000000
__Linit                       init         0000AE
__Lintsave_regs               intsave_regs 000000
__Lirdata                     irdata       000000
__Livt0x8                     ivt0x8       000008
__Lmediumconst                mediumconst  007DE8
__LnvFARRAM                   nvFARRAM     000000
__Lnvbit                      nvbit        000000
__Lnvrram                     nvrram       000000
__Lparam                      param0       000000
__Lparam0                     param0       000000
__Lpowerup                    powerup      000000
__Lram                        ram          000000
__Lramtop                     ramtop       000800
__Lrbit                       rbit         000000
__Lrbss                       rbss         000000
__Lrdata                      rdata        000000
__Lreset_vec                  reset_vec    000000
__Lsfr                        sfr          000000
__Lsmallconst                 smallconst   000000
__Lspace_0                    (abs)        000000
__Lspace_1                    (abs)        000000
__Lspace_2                    (abs)        000000
__Lstack                      stack        000000
__Lstruct                     struct       000000
__Ltemp                       temp         000000
__Ltext                       text         000000
__Ltext0                      text0        000000
__Ltext1                      text1        000000
__Ltext10                     text10       000000
__Ltext11                     text11       000000
__Ltext12                     text12       000000
__Ltext13                     text13       000000
__Ltext14                     text14       000000
__Ltext15                     text15       000000
__Ltext16                     text16       000000
__Ltext17                     text17       000000
__Ltext18                     text18       000000
__Ltext19                     text19       000000
__Ltext2                      text2        000000
__Ltext20                     text20       000000
__Ltext21                     text21       000000
__Ltext22                     text22       000000
__Ltext23                     text23       000000
__Ltext24                     text24       000000
__Ltext25                     text25       000000
__Ltext26                     text26       000000
__Ltext27                     text27       000000
__Ltext28                     text28       000000
__Ltext29                     text29       000000
__Ltext3                      text3        000000
__Ltext30                     text30       000000
__Ltext31                     text31       000000
__Ltext32                     text32       000000
__Ltext4                      text4        000000
__Ltext5                      text5        000000
__Ltext6                      text6        000000
__Ltext7                      text7        000000
__Ltext8                      text8        000000
__Ltext9                      text9        000000
__S0                          (abs)        30000A
__S1                          (abs)        000236
__S2                          (abs)        000000
___awdiv                      text10       001516
___awdiv@counter              cstackBANK0  000087
___awdiv@dividend             cstackBANK0  000083
___awdiv@divisor              cstackBANK0  000085
___awdiv@quotient             cstackBANK0  000089
___awdiv@sign                 cstackBANK0  000088
___inthi_sp                   stack        000000
___intlo_sp                   stack        000000
___lmul                       text22       001848
___lmul@multiplicand          cstackCOMRAM 000038
___lmul@multiplier            cstackCOMRAM 000034
___lmul@product               cstackCOMRAM 00003C
___param_bank                 (abs)        000000
___rparam_used                (abs)        000000
___sp                         stack        000000
__accesstop                   (abs)        000060
__activetblptr                (abs)        000002
__end_of_CCP1_ISR             text32       001CA4
__end_of_ConfigureOscillator  text17       001C84
__end_of_DEFAULT_ISR          text19       001C94
__end_of_DMA1SCNT_ISR         text31       001CAA
__end_of_IOC_ISR              text30       001C9C
__end_of_InitApp              text7        001C48
__end_of_LED                  text29       001736
__end_of_SMT1PRA_ISR          text23       000F66
__end_of_SMT1PRW_ISR          text20       001186
__end_of_SMT1_ISR             text24       001BEE
__end_of_SWINT_ISR            text18       001C8C
__end_of_TMR5_ISR             text25       001938
__end_of___awdiv              text10       001608
__end_of___lmul               text22       0018C2
__end_of__initialization      cinit        0019A0
__end_of_bin2seg7             mediumconst  007FF9
__end_of_bitOrderSwap         mediumconst  007EE9
__end_of_bufInit              text12       001B80
__end_of_bufRead              text16       001A60
__end_of_bufWriteIntIC1       text21       001B00
__end_of_checksum             text2        0017C2
__end_of_disableAllInterrupt  text6        001BB6
__end_of_disableAllPMD        text5        001C74
__end_of_initGPIO             text15       001848
__end_of_initInterrupt        text14       001C12
__end_of_initPMD              text13       001C2E
__end_of_initReceiver         text11       001AB0
__end_of_initTransmitter      text9        0016A2
__end_of_initUI               text8        001C60
__end_of_main                 text0        000994
__end_of_popCount8bits        mediumconst  007FE9
__end_of_powerSave            text3        001B44
__end_of_rowTable             mediumconst  007FFF
__end_of_sendReport           text1        000D1A
__end_of_swProcess            text26       00054E
__end_of_swRegister           text28       001516
__end_of_swUnregister         text27       001362
__end_of_transceiverEnable    text4        001A0C
__initialization              cinit        001938
__mediumconst                 mediumconst  007DE8
__pbssBANK0                   bssBANK0     000096
__pbssBANK1                   bssBANK1     000100
__pbssCOMRAM                  bssCOMRAM    000001
__pcinit                      cinit        001938
__pcstackBANK0                cstackBANK0  000060
__pcstackBANK2                cstackBANK2  000200
__pcstackCOMRAM               cstackCOMRAM 000023
__pdataBANK0                  dataBANK0    0000BD
__pdataCOMRAM                 dataCOMRAM   000045
__pidataBANK0                 idataBANK0   001CAC
__pidataCOMRAM                idataCOMRAM  001CAA
__pivt0x8                     ivt0x8       000008
__pmediumconst                mediumconst  007DE8
__ptext0                      text0        00054E
__ptext1                      text1        000994
__ptext10                     text10       001516
__ptext11                     text11       001A60
__ptext12                     text12       001B44
__ptext13                     text13       001C12
__ptext14                     text14       001BEE
__ptext15                     text15       0017C2
__ptext16                     text16       001A0C
__ptext17                     text17       001C74
__ptext18                     text18       001C84
__ptext19                     text19       001C8C
__ptext2                      text2        001736
__ptext20                     text20       000F68
__ptext21                     text21       001AB0
__ptext22                     text22       001848
__ptext23                     text23       000D1C
__ptext24                     text24       001BB8
__ptext25                     text25       0018C4
__ptext26                     text26       0000B2
__ptext27                     text27       001186
__ptext28                     text28       001362
__ptext29                     text29       0016A2
__ptext3                      text3        001B00
__ptext30                     text30       001C94
__ptext31                     text31       001CA4
__ptext32                     text32       001C9C
__ptext4                      text4        0019AA
__ptext5                      text5        001C60
__ptext6                      text6        001B80
__ptext7                      text7        001C2E
__ptext8                      text8        001C48
__ptext9                      text9        001608
__ramtop                      ramtop       000800
__size_of_CCP1_ISR            (abs)        000000
__size_of_ConfigureOscillator (abs)        000000
__size_of_DEFAULT_ISR         (abs)        000000
__size_of_DMA1SCNT_ISR        (abs)        000000
__size_of_IOC_ISR             (abs)        000000
__size_of_InitApp             (abs)        000000
__size_of_LED                 (abs)        000000
__size_of_SMT1PRA_ISR         (abs)        000000
__size_of_SMT1PRW_ISR         (abs)        000000
__size_of_SMT1_ISR            (abs)        000000
__size_of_SWINT_ISR           (abs)        000000
__size_of_TMR5_ISR            (abs)        000000
__size_of___awdiv             (abs)        000000
__size_of___lmul              (abs)        000000
__size_of_bufInit             (abs)        000000
__size_of_bufRead             (abs)        000000
__size_of_bufWriteIntIC1      (abs)        000000
__size_of_checksum            (abs)        000000
__size_of_disableAllInterrupt (abs)        000000
__size_of_disableAllPMD       (abs)        000000
__size_of_initGPIO            (abs)        000000
__size_of_initInterrupt       (abs)        000000
__size_of_initPMD             (abs)        000000
__size_of_initReceiver        (abs)        000000
__size_of_initTransmitter     (abs)        000000
__size_of_initUI              (abs)        000000
__size_of_main                (abs)        000000
__size_of_powerSave           (abs)        000000
__size_of_sendReport          (abs)        000000
__size_of_swProcess           (abs)        000000
__size_of_swRegister          (abs)        000000
__size_of_swUnregister        (abs)        000000
__size_of_transceiverEnable   (abs)        000000
__smallconst                  smallconst   000000
_bin2seg7                     mediumconst  007FE9
_bufInit                      text12       001B44
_bufRead                      text16       001A0C
_bufWriteIntIC1               text21       001AB0
_checksum                     text2        001736
_countNoDreq                  bssBANK0     00009C
_disableAllInterrupt          text6        001B80
_disableAllPMD                text5        001C60
_firstPush                    dataCOMRAM   000046
_initGPIO                     text15       0017C2
_initInterrupt                text14       001BEE
_initPMD                      text13       001C12
_initReceiver                 text11       001A60
_initTransmitter              text9        001608
_initUI                       text8        001C48
_irRxBuffer                   bssCOMRAM    00001F
_irRxBuffer1                  bssBANK1     000100
_lastPush                     dataCOMRAM   000045
_led                          bssCOMRAM    000010
_mSw                          bssCOMRAM    000001
_main                         text0        00054E
_nPushing                     bssBANK0     00009B
_powerSave                    text3        001B00
_report                       bssBANK0     000096
_rowTable                     mediumconst  007FF9
_sendReport                   text1        000994
_sw                           bssCOMRAM    000018
_swProcess                    text26       0000B2
_swRegister                   text28       001362
_swUnregister                 text27       001186
_transceiverEnable            text4        0019AA
bufInit@b                     cstackBANK0  000083
bufInit@buf                   cstackBANK0  000085
bufRead@b                     cstackBANK0  000083
bufRead@d                     cstackBANK0  000088
bufWriteIntIC1@b              cstackBANK0  00006C
bufWriteIntIC1@d              cstackBANK0  00006E
checksum@c                    cstackBANK0  00008A
checksum@command              cstackBANK0  000089
checksum@data                 cstackBANK0  000083
checksum@dataCount            cstackBANK0  000085
checksum@r                    cstackBANK0  00008B
end_of_initialization         cinit        0019A0
intlevel0                     text         000000
intlevel1                     text         000000
intlevel2                     text         000000
intlevel3                     text         000000
ivt0x8_base                   ivt0x8       000008
ivt0x8_undefint               ivt0x8       0000AC
main@a                        cstackBANK2  00022C
main@b                        cstackBANK2  00022D
main@c                        cstackBANK2  000233
main@c_358                    cstackBANK2  000234
main@countData                bssBANK0     00009A
main@countZeroPushing         dataBANK0    0000BD
main@data                     cstackBANK2  000235
main@dataA                    bssBANK0     00009D
main@fSendReport              cstackBANK2  000232
main@reportCopy               cstackBANK2  00022E
sendReport@c                  cstackBANK2  000225
sendReport@c_1098             cstackBANK2  000227
sendReport@command            cstackBANK2  000224
sendReport@data               cstackBANK0  00008C
sendReport@dataBuf            cstackBANK2  000200
sendReport@dataCount          cstackBANK0  00008E
stackhi                       (abs)        0007FF
stacklo                       (abs)        000236
start                         init         0000AE
start_initialization          cinit        001938
swProcess@c                   cstackBANK0  00007E
swProcess@col                 cstackBANK0  00007A
swProcess@d                   cstackBANK0  00007C
swProcess@row                 cstackBANK0  00007D
swProcess@sw2                 cstackBANK0  00007B
swRegister@c                  cstackBANK0  000074
swRegister@n                  cstackBANK0  000073
swUnregister@c                cstackBANK0  000073
transceiverEnable@enable      cstackBANK0  000083


FUNCTION INFORMATION:

 *************** function _main *****************
 Defined at:
		line 56 in file "main.c"
 Parameters:    Size  Location     Type
		None
 Auto vars:     Size  Location     Type
  c               1   52[BANK2 ] unsigned char 
  b               1   45[BANK2 ] unsigned char 
  a               1   44[BANK2 ] unsigned char 
  c               1   51[BANK2 ] unsigned char 
  reportCopy      4   46[BANK2 ] unsigned char [4]
  data            1   53[BANK2 ] unsigned char 
  fSendReport     1   50[BANK2 ] unsigned char 
 Return value:  Size  Location     Type
                  1    wreg      void 
 Registers used:
		wreg, fsr1l, fsr1h, fsr2l, fsr2h, status,2, status,0, prodl, prodh, cstack
 Tracked objects:
		On entry : 
		On exit  : 
		Unchanged: 
 Data sizes:     COMRAM   BANK0   BANK1   BANK2   BANK3   BANK4   BANK5   BANK6   BANK7
      Params:         0       0       0       0       0       0       0       0       0
      Locals:         0       0       0      10       0       0       0       0       0
      Temps:          0       0       0       4       0       0       0       0       0
      Totals:         0       0       0      14       0       0       0       0       0
Total ram usage:       14 bytes
 Hardware stack levels required when called:    8
 This function calls:
		_ConfigureOscillator
		_InitApp
		_bufRead
		_checksum
		_disableAllPMD
		_powerSave
		_sendReport
		_transceiverEnable
 This function is called by:
		Startup code after reset
 This function uses a non-reentrant model


 *************** function _sendReport *****************
 Defined at:
		line 270 in file "user.c"
 Parameters:    Size  Location     Type
  command         1    wreg     unsigned char 
  data            2   44[BANK0 ] PTR unsigned char 
		 -> main@reportCopy(4), 
  dataCount       1   46[BANK0 ] unsigned char 
 Auto vars:     Size  Location     Type
  command         1   36[BANK2 ] unsigned char 
  c               1   39[BANK2 ] unsigned char 
  c               2   37[BANK2 ] unsigned short 
  dataBuf        36    0[BANK2 ] unsigned short [18]
 Return value:  Size  Location     Type
                  1    wreg      void 
 Registers used:
		wreg, fsr2l, fsr2h, status,2, status,0, prodl, prodh, cstack
 Tracked objects:
		On entry : 
		On exit  : 
		Unchanged: 
 Data sizes:     COMRAM   BANK0   BANK1   BANK2   BANK3   BANK4   BANK5   BANK6   BANK7
      Params:         0       3       0       0       0       0       0       0       0
      Locals:         0       0       0      40       0       0       0       0       0
      Temps:          0       7       0       0       0       0       0       0       0
      Totals:         0      10       0      40       0       0       0       0       0
Total ram usage:       50 bytes
 Hardware stack levels used:    1
 Hardware stack levels required when called:    5
 This function calls:
		_checksum
 This function is called by:
		_main
 This function uses a non-reentrant model


 *************** function _checksum *****************
 Defined at:
		line 5 in file "../IR_format.c"
 Parameters:    Size  Location     Type
  command         1    wreg     unsigned char 
  data            2   35[BANK0 ] PTR unsigned char 
		 -> main@reportCopy(4), main@dataA(32), 
  dataCount       1   37[BANK0 ] unsigned char 
 Auto vars:     Size  Location     Type
  command         1   41[BANK0 ] unsigned char 
  c               1   42[BANK0 ] unsigned char 
  r               1   43[BANK0 ] unsigned char 
 Return value:  Size  Location     Type
                  1    wreg      unsigned char 
 Registers used:
		wreg, fsr2l, fsr2h, status,2, status,0, prodl, prodh
 Tracked objects:
		On entry : 
		On exit  : 
		Unchanged: 
 Data sizes:     COMRAM   BANK0   BANK1   BANK2   BANK3   BANK4   BANK5   BANK6   BANK7
      Params:         0       3       0       0       0       0       0       0       0
      Locals:         0       3       0       0       0       0       0       0       0
      Temps:          0       3       0       0       0       0       0       0       0
      Totals:         0       9       0       0       0       0       0       0       0
Total ram usage:        9 bytes
 Hardware stack levels used:    1
 Hardware stack levels required when called:    4
 This function calls:
		Nothing
 This function is called by:
		_main
		_sendReport
 This function uses a non-reentrant model


 *************** function _powerSave *****************
 Defined at:
		line 227 in file "main.c"
 Parameters:    Size  Location     Type
		None
 Auto vars:     Size  Location     Type
		None
 Return value:  Size  Location     Type
                  1    wreg      void 
 Registers used:
		wreg, fsr2l, fsr2h, status,2, status,0, cstack
 Tracked objects:
		On entry : 
		On exit  : 
		Unchanged: 
 Data sizes:     COMRAM   BANK0   BANK1   BANK2   BANK3   BANK4   BANK5   BANK6   BANK7
      Params:         0       0       0       0       0       0       0       0       0
      Locals:         0       0       0       0       0       0       0       0       0
      Temps:          0       0       0       0       0       0       0       0       0
      Totals:         0       0       0       0       0       0       0       0       0
Total ram usage:        0 bytes
 Hardware stack levels used:    1
 Hardware stack levels required when called:    7
 This function calls:
		_InitApp
		_disableAllInterrupt
		_disableAllPMD
		_transceiverEnable
 This function is called by:
		_main
 This function uses a non-reentrant model


 *************** function _transceiverEnable *****************
 Defined at:
		line 180 in file "main.c"
 Parameters:    Size  Location     Type
  enable          1    wreg     unsigned char 
 Auto vars:     Size  Location     Type
  enable          1   35[BANK0 ] unsigned char 
 Return value:  Size  Location     Type
                  1    wreg      void 
 Registers used:
		wreg, status,2, status,0
 Tracked objects:
		On entry : 
		On exit  : 
		Unchanged: 
 Data sizes:     COMRAM   BANK0   BANK1   BANK2   BANK3   BANK4   BANK5   BANK6   BANK7
      Params:         0       0       0       0       0       0       0       0       0
      Locals:         0       1       0       0       0       0       0       0       0
      Temps:          0       0       0       0       0       0       0       0       0
      Totals:         0       1       0       0       0       0       0       0       0
Total ram usage:        1 bytes
 Hardware stack levels used:    1
 Hardware stack levels required when called:    4
 This function calls:
		Nothing
 This function is called by:
		_main
		_powerSave
 This function uses a non-reentrant model


 *************** function _disableAllPMD *****************
 Defined at:
		line 198 in file "main.c"
 Parameters:    Size  Location     Type
		None
 Auto vars:     Size  Location     Type
		None
 Return value:  Size  Location     Type
                  1    wreg      void 
 Registers used:
		None
 Tracked objects:
		On entry : 
		On exit  : 
		Unchanged: 
 Data sizes:     COMRAM   BANK0   BANK1   BANK2   BANK3   BANK4   BANK5   BANK6   BANK7
      Params:         0       0       0       0       0       0       0       0       0
      Locals:         0       0       0       0       0       0       0       0       0
      Temps:          0       0       0       0       0       0       0       0       0
      Totals:         0       0       0       0       0       0       0       0       0
Total ram usage:        0 bytes
 Hardware stack levels used:    1
 Hardware stack levels required when called:    4
 This function calls:
		Nothing
 This function is called by:
		_main
		_powerSave
 This function uses a non-reentrant model


 *************** function _disableAllInterrupt *****************
 Defined at:
		line 209 in file "main.c"
 Parameters:    Size  Location     Type
		None
 Auto vars:     Size  Location     Type
		None
 Return value:  Size  Location     Type
                  1    wreg      void 
 Registers used:
		wreg, status,2
 Tracked objects:
		On entry : 
		On exit  : 
		Unchanged: 
 Data sizes:     COMRAM   BANK0   BANK1   BANK2   BANK3   BANK4   BANK5   BANK6   BANK7
      Params:         0       0       0       0       0       0       0       0       0
      Locals:         0       0       0       0       0       0       0       0       0
      Temps:          0       0       0       0       0       0       0       0       0
      Totals:         0       0       0       0       0       0       0       0       0
Total ram usage:        0 bytes
 Hardware stack levels used:    1
 Hardware stack levels required when called:    4
 This function calls:
		Nothing
 This function is called by:
		_powerSave
 This function uses a non-reentrant model


 *************** function _InitApp *****************
 Defined at:
		line 241 in file "user.c"
 Parameters:    Size  Location     Type
		None
 Auto vars:     Size  Location     Type
		None
 Return value:  Size  Location     Type
                  1    wreg      void 
 Registers used:
		wreg, fsr2l, fsr2h, status,2, status,0, cstack
 Tracked objects:
		On entry : 
		On exit  : 
		Unchanged: 
 Data sizes:     COMRAM   BANK0   BANK1   BANK2   BANK3   BANK4   BANK5   BANK6   BANK7
      Params:         0       0       0       0       0       0       0       0       0
      Locals:         0       0       0       0       0       0       0       0       0
      Temps:          0       0       0       0       0       0       0       0       0
      Totals:         0       0       0       0       0       0       0       0       0
Total ram usage:        0 bytes
 Hardware stack levels used:    1
 Hardware stack levels required when called:    6
 This function calls:
		_initGPIO
		_initInterrupt
		_initPMD
		_initReceiver
		_initTransmitter
		_initUI
 This function is called by:
		_main
		_powerSave
 This function uses a non-reentrant model


 *************** function _initUI *****************
 Defined at:
		line 118 in file "user.c"
 Parameters:    Size  Location     Type
		None
 Auto vars:     Size  Location     Type
		None
 Return value:  Size  Location     Type
                  1    wreg      void 
 Registers used:
		wreg, status,2
 Tracked objects:
		On entry : 
		On exit  : 
		Unchanged: 
 Data sizes:     COMRAM   BANK0   BANK1   BANK2   BANK3   BANK4   BANK5   BANK6   BANK7
      Params:         0       0       0       0       0       0       0       0       0
      Locals:         0       0       0       0       0       0       0       0       0
      Temps:          0       0       0       0       0       0       0       0       0
      Totals:         0       0       0       0       0       0       0       0       0
Total ram usage:        0 bytes
 Hardware stack levels used:    1
 Hardware stack levels required when called:    4
 This function calls:
		Nothing
 This function is called by:
		_InitApp
 This function uses a non-reentrant model


 *************** function _initTransmitter *****************
 Defined at:
		line 152 in file "user.c"
 Parameters:    Size  Location     Type
		None
 Auto vars:     Size  Location     Type
		None
 Return value:  Size  Location     Type
                  1    wreg      void 
 Registers used:
		wreg, status,2, status,0, cstack
 Tracked objects:
		On entry : 
		On exit  : 
		Unchanged: 
 Data sizes:     COMRAM   BANK0   BANK1   BANK2   BANK3   BANK4   BANK5   BANK6   BANK7
      Params:         0       0       0       0       0       0       0       0       0
      Locals:         0       0       0       0       0       0       0       0       0
      Temps:          0       0       0       0       0       0       0       0       0
      Totals:         0       0       0       0       0       0       0       0       0
Total ram usage:        0 bytes
 Hardware stack levels used:    1
 Hardware stack levels required when called:    5
 This function calls:
		___awdiv
 This function is called by:
		_InitApp
 This function uses a non-reentrant model


 *************** function ___awdiv *****************
 Defined at:
		line 7 in file "C:\Program Files (x86)\Microchip\xc8\v2.00\pic\sources\c99\common\awdiv.c"
 Parameters:    Size  Location     Type
  dividend        2   35[BANK0 ] int 
  divisor         2   37[BANK0 ] int 
 Auto vars:     Size  Location     Type
  quotient        2   41[BANK0 ] int 
  sign            1   40[BANK0 ] unsigned char 
  counter         1   39[BANK0 ] unsigned char 
 Return value:  Size  Location     Type
                  2   35[BANK0 ] int 
 Registers used:
		wreg, status,2, status,0
 Tracked objects:
		On entry : 
		On exit  : 
		Unchanged: 
 Data sizes:     COMRAM   BANK0   BANK1   BANK2   BANK3   BANK4   BANK5   BANK6   BANK7
      Params:         0       4       0       0       0       0       0       0       0
      Locals:         0       4       0       0       0       0       0       0       0
      Temps:          0       0       0       0       0       0       0       0       0
      Totals:         0       8       0       0       0       0       0       0       0
Total ram usage:        8 bytes
 Hardware stack levels used:    1
 Hardware stack levels required when called:    4
 This function calls:
		Nothing
 This function is called by:
		_initTransmitter
 This function uses a non-reentrant model


 *************** function _initReceiver *****************
 Defined at:
		line 131 in file "user.c"
 Parameters:    Size  Location     Type
		None
 Auto vars:     Size  Location     Type
		None
 Return value:  Size  Location     Type
                  1    wreg      void 
 Registers used:
		wreg, fsr2l, fsr2h, status,2, status,0, cstack
 Tracked objects:
		On entry : 
		On exit  : 
		Unchanged: 
 Data sizes:     COMRAM   BANK0   BANK1   BANK2   BANK3   BANK4   BANK5   BANK6   BANK7
      Params:         0       0       0       0       0       0       0       0       0
      Locals:         0       0       0       0       0       0       0       0       0
      Temps:          0       0       0       0       0       0       0       0       0
      Totals:         0       0       0       0       0       0       0       0       0
Total ram usage:        0 bytes
 Hardware stack levels used:    1
 Hardware stack levels required when called:    5
 This function calls:
		_bufInit
 This function is called by:
		_InitApp
 This function uses a non-reentrant model


 *************** function _bufInit *****************
 Defined at:
		line 54 in file "ringBuffer.c"
 Parameters:    Size  Location     Type
  b               2   35[BANK0 ] PTR struct ringBuf
		 -> irRxBuffer(4), 
  buf             2   37[BANK0 ] PTR unsigned char 
		 -> irRxBuffer1(256), 
 Auto vars:     Size  Location     Type
		None
 Return value:  Size  Location     Type
                  1    wreg      void 
 Registers used:
		wreg, fsr2l, fsr2h, status,2, status,0
 Tracked objects:
		On entry : 
		On exit  : 
		Unchanged: 
 Data sizes:     COMRAM   BANK0   BANK1   BANK2   BANK3   BANK4   BANK5   BANK6   BANK7
      Params:         0       4       0       0       0       0       0       0       0
      Locals:         0       0       0       0       0       0       0       0       0
      Temps:          0       0       0       0       0       0       0       0       0
      Totals:         0       4       0       0       0       0       0       0       0
Total ram usage:        4 bytes
 Hardware stack levels used:    1
 Hardware stack levels required when called:    4
 This function calls:
		Nothing
 This function is called by:
		_initReceiver
 This function uses a non-reentrant model


 *************** function _initPMD *****************
 Defined at:
		line 52 in file "user.c"
 Parameters:    Size  Location     Type
		None
 Auto vars:     Size  Location     Type
		None
 Return value:  Size  Location     Type
                  1    wreg      void 
 Registers used:
		None
 Tracked objects:
		On entry : 
		On exit  : 
		Unchanged: 
 Data sizes:     COMRAM   BANK0   BANK1   BANK2   BANK3   BANK4   BANK5   BANK6   BANK7
      Params:         0       0       0       0       0       0       0       0       0
      Locals:         0       0       0       0       0       0       0       0       0
      Temps:          0       0       0       0       0       0       0       0       0
      Totals:         0       0       0       0       0       0       0       0       0
Total ram usage:        0 bytes
 Hardware stack levels used:    1
 Hardware stack levels required when called:    4
 This function calls:
		Nothing
 This function is called by:
		_InitApp
 This function uses a non-reentrant model


 *************** function _initInterrupt *****************
 Defined at:
		line 221 in file "user.c"
 Parameters:    Size  Location     Type
		None
 Auto vars:     Size  Location     Type
		None
 Return value:  Size  Location     Type
                  1    wreg      void 
 Registers used:
		wreg, status,2
 Tracked objects:
		On entry : 
		On exit  : 
		Unchanged: 
 Data sizes:     COMRAM   BANK0   BANK1   BANK2   BANK3   BANK4   BANK5   BANK6   BANK7
      Params:         0       0       0       0       0       0       0       0       0
      Locals:         0       0       0       0       0       0       0       0       0
      Temps:          0       0       0       0       0       0       0       0       0
      Totals:         0       0       0       0       0       0       0       0       0
Total ram usage:        0 bytes
 Hardware stack levels used:    1
 Hardware stack levels required when called:    4
 This function calls:
		Nothing
 This function is called by:
		_InitApp
 This function uses a non-reentrant model


 *************** function _initGPIO *****************
 Defined at:
		line 68 in file "user.c"
 Parameters:    Size  Location     Type
		None
 Auto vars:     Size  Location     Type
		None
 Return value:  Size  Location     Type
                  1    wreg      void 
 Registers used:
		wreg, status,2
 Tracked objects:
		On entry : 
		On exit  : 
		Unchanged: 
 Data sizes:     COMRAM   BANK0   BANK1   BANK2   BANK3   BANK4   BANK5   BANK6   BANK7
      Params:         0       0       0       0       0       0       0       0       0
      Locals:         0       0       0       0       0       0       0       0       0
      Temps:          0       0       0       0       0       0       0       0       0
      Totals:         0       0       0       0       0       0       0       0       0
Total ram usage:        0 bytes
 Hardware stack levels used:    1
 Hardware stack levels required when called:    4
 This function calls:
		Nothing
 This function is called by:
		_InitApp
 This function uses a non-reentrant model


 *************** function _bufRead *****************
 Defined at:
		line 29 in file "ringBuffer.c"
 Parameters:    Size  Location     Type
  b               2   35[BANK0 ] PTR struct ringBuf
		 -> irRxBuffer(4), 
 Auto vars:     Size  Location     Type
  d               1   40[BANK0 ] unsigned char 
 Return value:  Size  Location     Type
                  1    wreg      unsigned char 
 Registers used:
		wreg, fsr2l, fsr2h, status,2, status,0, prodl, prodh
 Tracked objects:
		On entry : 
		On exit  : 
		Unchanged: 
 Data sizes:     COMRAM   BANK0   BANK1   BANK2   BANK3   BANK4   BANK5   BANK6   BANK7
      Params:         0       2       0       0       0       0       0       0       0
      Locals:         0       1       0       0       0       0       0       0       0
      Temps:          0       3       0       0       0       0       0       0       0
      Totals:         0       6       0       0       0       0       0       0       0
Total ram usage:        6 bytes
 Hardware stack levels used:    1
 Hardware stack levels required when called:    4
 This function calls:
		Nothing
 This function is called by:
		_main
 This function uses a non-reentrant model


 *************** function _ConfigureOscillator *****************
 Defined at:
		line 14 in file "system.c"
 Parameters:    Size  Location     Type
		None
 Auto vars:     Size  Location     Type
		None
 Return value:  Size  Location     Type
                  1    wreg      void 
 Registers used:
		wreg, status,2
 Tracked objects:
		On entry : 
		On exit  : 
		Unchanged: 
 Data sizes:     COMRAM   BANK0   BANK1   BANK2   BANK3   BANK4   BANK5   BANK6   BANK7
      Params:         0       0       0       0       0       0       0       0       0
      Locals:         0       0       0       0       0       0       0       0       0
      Temps:          0       0       0       0       0       0       0       0       0
      Totals:         0       0       0       0       0       0       0       0       0
Total ram usage:        0 bytes
 Hardware stack levels used:    1
 Hardware stack levels required when called:    4
 This function calls:
		Nothing
 This function is called by:
		_main
 This function uses a non-reentrant model


 *************** function _SWINT_ISR *****************
 Defined at:
		line 23 in file "interrupts.c"
 Parameters:    Size  Location     Type
		None
 Auto vars:     Size  Location     Type
		None
 Return value:  Size  Location     Type
                  1    wreg      void 
 Registers used:
		None
 Tracked objects:
		On entry : 
		On exit  : 
		Unchanged: 
 Data sizes:     COMRAM   BANK0   BANK1   BANK2   BANK3   BANK4   BANK5   BANK6   BANK7
      Params:         0       0       0       0       0       0       0       0       0
      Locals:         0       0       0       0       0       0       0       0       0
      Temps:          0       0       0       0       0       0       0       0       0
      Totals:         0       0       0       0       0       0       0       0       0
Total ram usage:        0 bytes
 Hardware stack levels used:    1
 Hardware stack levels required when called:    3
 This function calls:
		Nothing
 This function is called by:
		Interrupt level 1
 This function uses a non-reentrant model


 *************** function _DEFAULT_ISR *****************
 Defined at:
		line 41 in file "interrupts.c"
 Parameters:    Size  Location     Type
		None
 Auto vars:     Size  Location     Type
		None
 Return value:  Size  Location     Type
                  1    wreg      void 
 Registers used:
		None
 Tracked objects:
		On entry : 
		On exit  : 
		Unchanged: 
 Data sizes:     COMRAM   BANK0   BANK1   BANK2   BANK3   BANK4   BANK5   BANK6   BANK7
      Params:         0       0       0       0       0       0       0       0       0
      Locals:         0       0       0       0       0       0       0       0       0
      Temps:          0       0       0       0       0       0       0       0       0
      Totals:         0       0       0       0       0       0       0       0       0
Total ram usage:        0 bytes
 Hardware stack levels used:    1
 This function calls:
		Nothing
 This function is called by:
		Interrupt level 2
 This function uses a non-reentrant model


 *************** function _SMT1PRW_ISR *****************
 Defined at:
		line 48 in file "interrupts.c"
 Parameters:    Size  Location     Type
		None
 Auto vars:     Size  Location     Type
  diff            4   13[COMRAM] unsigned long 
  data            1   12[COMRAM] unsigned char 
 Return value:  Size  Location     Type
                  1    wreg      void 
 Registers used:
		wreg, fsr2l, fsr2h, status,2, status,0, prodl, prodh, cstack
 Tracked objects:
		On entry : 
		On exit  : 
		Unchanged: 
 Data sizes:     COMRAM   BANK0   BANK1   BANK2   BANK3   BANK4   BANK5   BANK6   BANK7
      Params:         0       0       0       0       0       0       0       0       0
      Locals:         5       0       0       0       0       0       0       0       0
      Temps:          0       0       0       0       0       0       0       0       0
      Totals:         5       0       0       0       0       0       0       0       0
Total ram usage:        5 bytes
 Hardware stack levels used:    1
 Hardware stack levels required when called:    1
 This function calls:
		___lmul
		_bufWriteIntIC1
 This function is called by:
		Interrupt level 2
 This function uses a non-reentrant model


 *************** function _bufWriteIntIC1 *****************
 Defined at:
		line 24 in file "ringBuffer.c"
 Parameters:    Size  Location     Type
  b               2   12[BANK0 ] PTR struct ringBuf
		 -> irRxBuffer(4), 
  d               1   14[BANK0 ] unsigned char 
 Auto vars:     Size  Location     Type
		None
 Return value:  Size  Location     Type
                  1    wreg      void 
 Registers used:
		wreg, fsr2l, fsr2h, status,2, status,0, prodl, prodh
 Tracked objects:
		On entry : 
		On exit  : 
		Unchanged: 
 Data sizes:     COMRAM   BANK0   BANK1   BANK2   BANK3   BANK4   BANK5   BANK6   BANK7
      Params:         0       3       0       0       0       0       0       0       0
      Locals:         0       0       0       0       0       0       0       0       0
      Temps:          0       3       0       0       0       0       0       0       0
      Totals:         0       6       0       0       0       0       0       0       0
Total ram usage:        6 bytes
 Hardware stack levels used:    1
 This function calls:
		Nothing
 This function is called by:
		_SMT1PRW_ISR
		_SMT1PRA_ISR
		_SMT1_ISR
 This function uses a non-reentrant model


 *************** function ___lmul *****************
 Defined at:
		line 15 in file "C:\Program Files (x86)\Microchip\xc8\v2.00\pic\sources\c99\common\Umul32.c"
 Parameters:    Size  Location     Type
  multiplier      4   17[COMRAM] unsigned long 
  multiplicand    4   21[COMRAM] unsigned long 
 Auto vars:     Size  Location     Type
  product         4   25[COMRAM] unsigned long 
 Return value:  Size  Location     Type
                  4   17[COMRAM] unsigned long 
 Registers used:
		wreg, status,2, status,0
 Tracked objects:
		On entry : 
		On exit  : 
		Unchanged: 
 Data sizes:     COMRAM   BANK0   BANK1   BANK2   BANK3   BANK4   BANK5   BANK6   BANK7
      Params:         8       0       0       0       0       0       0       0       0
      Locals:         4       0       0       0       0       0       0       0       0
      Temps:          0       0       0       0       0       0       0       0       0
      Totals:        12       0       0       0       0       0       0       0       0
Total ram usage:       12 bytes
 Hardware stack levels used:    1
 This function calls:
		Nothing
 This function is called by:
		_SMT1PRW_ISR
		_SMT1PRA_ISR
 This function uses a non-reentrant model


 *************** function _SMT1PRA_ISR *****************
 Defined at:
		line 112 in file "interrupts.c"
 Parameters:    Size  Location     Type
		None
 Auto vars:     Size  Location     Type
  diff            4   30[COMRAM] unsigned long 
  data            1   29[COMRAM] unsigned char 
 Return value:  Size  Location     Type
                  1    wreg      void 
 Registers used:
		wreg, fsr2l, fsr2h, status,2, status,0, prodl, prodh, cstack
 Tracked objects:
		On entry : 
		On exit  : 
		Unchanged: 
 Data sizes:     COMRAM   BANK0   BANK1   BANK2   BANK3   BANK4   BANK5   BANK6   BANK7
      Params:         0       0       0       0       0       0       0       0       0
      Locals:         5       0       0       0       0       0       0       0       0
      Temps:          0       0       0       0       0       0       0       0       0
      Totals:         5       0       0       0       0       0       0       0       0
Total ram usage:        5 bytes
 Hardware stack levels used:    1
 Hardware stack levels required when called:    1
 This function calls:
		___lmul
		_bufWriteIntIC1
 This function is called by:
		Interrupt level 2
 This function uses a non-reentrant model


 *************** function _SMT1_ISR *****************
 Defined at:
		line 171 in file "interrupts.c"
 Parameters:    Size  Location     Type
		None
 Auto vars:     Size  Location     Type
		None
 Return value:  Size  Location     Type
                  1    wreg      void 
 Registers used:
		wreg, fsr2l, fsr2h, status,2, status,0, prodl, prodh, cstack
 Tracked objects:
		On entry : 
		On exit  : 
		Unchanged: 
 Data sizes:     COMRAM   BANK0   BANK1   BANK2   BANK3   BANK4   BANK5   BANK6   BANK7
      Params:         0       0       0       0       0       0       0       0       0
      Locals:         0       0       0       0       0       0       0       0       0
      Temps:          0       0       0       0       0       0       0       0       0
      Totals:         0       0       0       0       0       0       0       0       0
Total ram usage:        0 bytes
 Hardware stack levels used:    1
 Hardware stack levels required when called:    1
 This function calls:
		_bufWriteIntIC1
 This function is called by:
		Interrupt level 2
 This function uses a non-reentrant model


 *************** function _TMR5_ISR *****************
 Defined at:
		line 186 in file "interrupts.c"
 Parameters:    Size  Location     Type
		None
 Auto vars:     Size  Location     Type
		None
 Return value:  Size  Location     Type
                  1    wreg      void 
 Registers used:
		wreg, fsr1l, fsr1h, fsr2l, fsr2h, status,2, status,0, tblptrl, tblptrh, tblptru, prodl, prodh, cstack
 Tracked objects:
		On entry : 
		On exit  : 
		Unchanged: 
 Data sizes:     COMRAM   BANK0   BANK1   BANK2   BANK3   BANK4   BANK5   BANK6   BANK7
      Params:         0       0       0       0       0       0       0       0       0
      Locals:         0       0       0       0       0       0       0       0       0
      Temps:          0       4       0       0       0       0       0       0       0
      Totals:         0       4       0       0       0       0       0       0       0
Total ram usage:        4 bytes
 Hardware stack levels used:    1
 Hardware stack levels required when called:    2
 This function calls:
		_LED
		_swProcess
 This function is called by:
		Interrupt level 2
 This function uses a non-reentrant model


 *************** function _swProcess *****************
 Defined at:
		line 139 in file "swMatrix.c"
 Parameters:    Size  Location     Type
		None
 Auto vars:     Size  Location     Type
  sw2             1   27[BANK0 ] unsigned char 
  col             1   26[BANK0 ] unsigned char 
  c               1   30[BANK0 ] unsigned char 
  row             1   29[BANK0 ] unsigned char 
  d               1   28[BANK0 ] unsigned char 
 Return value:  Size  Location     Type
                  1    wreg      void 
 Registers used:
		wreg, fsr1l, fsr1h, fsr2l, fsr2h, status,2, status,0, tblptrl, tblptrh, tblptru, prodl, prodh, cstack
 Tracked objects:
		On entry : 
		On exit  : 
		Unchanged: 
 Data sizes:     COMRAM   BANK0   BANK1   BANK2   BANK3   BANK4   BANK5   BANK6   BANK7
      Params:         0       0       0       0       0       0       0       0       0
      Locals:         0       5       0       0       0       0       0       0       0
      Temps:          0       5       0       0       0       0       0       0       0
      Totals:         0      10       0       0       0       0       0       0       0
Total ram usage:       10 bytes
 Hardware stack levels used:    1
 Hardware stack levels required when called:    1
 This function calls:
		_swRegister
		_swUnregister
 This function is called by:
		_TMR5_ISR
 This function uses a non-reentrant model


 *************** function _swUnregister *****************
 Defined at:
		line 88 in file "swMatrix.c"
 Parameters:    Size  Location     Type
  c               1    wreg     unsigned char 
 Auto vars:     Size  Location     Type
  c               1   19[BANK0 ] unsigned char 
 Return value:  Size  Location     Type
                  1    wreg      void 
 Registers used:
		wreg, fsr1l, fsr1h, fsr2l, fsr2h, status,2, status,0, prodl, prodh
 Tracked objects:
		On entry : 
		On exit  : 
		Unchanged: 
 Data sizes:     COMRAM   BANK0   BANK1   BANK2   BANK3   BANK4   BANK5   BANK6   BANK7
      Params:         0       0       0       0       0       0       0       0       0
      Locals:         0       1       0       0       0       0       0       0       0
      Temps:          0       1       0       0       0       0       0       0       0
      Totals:         0       2       0       0       0       0       0       0       0
Total ram usage:        2 bytes
 Hardware stack levels used:    1
 This function calls:
		Nothing
 This function is called by:
		_swProcess
 This function uses a non-reentrant model


 *************** function _swRegister *****************
 Defined at:
		line 112 in file "swMatrix.c"
 Parameters:    Size  Location     Type
  n               1    wreg     unsigned char 
 Auto vars:     Size  Location     Type
  n               1   19[BANK0 ] unsigned char 
  c               1   20[BANK0 ] unsigned char 
 Return value:  Size  Location     Type
                  1    wreg      void 
 Registers used:
		wreg, fsr2l, fsr2h, status,2, status,0, prodl, prodh
 Tracked objects:
		On entry : 
		On exit  : 
		Unchanged: 
 Data sizes:     COMRAM   BANK0   BANK1   BANK2   BANK3   BANK4   BANK5   BANK6   BANK7
      Params:         0       0       0       0       0       0       0       0       0
      Locals:         0       2       0       0       0       0       0       0       0
      Temps:          0       1       0       0       0       0       0       0       0
      Totals:         0       3       0       0       0       0       0       0       0
Total ram usage:        3 bytes
 Hardware stack levels used:    1
 This function calls:
		Nothing
 This function is called by:
		_swProcess
 This function uses a non-reentrant model


 *************** function _LED *****************
 Defined at:
		line 251 in file "user.c"
 Parameters:    Size  Location     Type
  digit           1    wreg     unsigned char 
  data            1   18[BANK0 ] unsigned char 
 Auto vars:     Size  Location     Type
  digit           1   22[BANK0 ] unsigned char 
 Return value:  Size  Location     Type
                  1    wreg      void 
 Registers used:
		wreg, status,2, status,0
 Tracked objects:
		On entry : 
		On exit  : 
		Unchanged: 
 Data sizes:     COMRAM   BANK0   BANK1   BANK2   BANK3   BANK4   BANK5   BANK6   BANK7
      Params:         0       1       0       0       0       0       0       0       0
      Locals:         0       1       0       0       0       0       0       0       0
      Temps:          0       3       0       0       0       0       0       0       0
      Totals:         0       5       0       0       0       0       0       0       0
Total ram usage:        5 bytes
 Hardware stack levels used:    1
 This function calls:
		Nothing
 This function is called by:
		_TMR5_ISR
 This function uses a non-reentrant model


 *************** function _IOC_ISR *****************
 Defined at:
		line 199 in file "interrupts.c"
 Parameters:    Size  Location     Type
		None
 Auto vars:     Size  Location     Type
		None
 Return value:  Size  Location     Type
                  1    wreg      void 
 Registers used:
		wreg, status,2
 Tracked objects:
		On entry : 
		On exit  : 
		Unchanged: 
 Data sizes:     COMRAM   BANK0   BANK1   BANK2   BANK3   BANK4   BANK5   BANK6   BANK7
      Params:         0       0       0       0       0       0       0       0       0
      Locals:         0       0       0       0       0       0       0       0       0
      Temps:          0       0       0       0       0       0       0       0       0
      Totals:         0       0       0       0       0       0       0       0       0
Total ram usage:        0 bytes
 Hardware stack levels used:    1
 This function calls:
		Nothing
 This function is called by:
		Interrupt level 2
 This function uses a non-reentrant model


 *************** function _DMA1SCNT_ISR *****************
 Defined at:
		line 207 in file "interrupts.c"
 Parameters:    Size  Location     Type
		None
 Auto vars:     Size  Location     Type
		None
 Return value:  Size  Location     Type
                  1    wreg      void 
 Registers used:
		None
 Tracked objects:
		On entry : 
		On exit  : 
		Unchanged: 
 Data sizes:     COMRAM   BANK0   BANK1   BANK2   BANK3   BANK4   BANK5   BANK6   BANK7
      Params:         0       0       0       0       0       0       0       0       0
      Locals:         0       0       0       0       0       0       0       0       0
      Temps:          0       0       0       0       0       0       0       0       0
      Totals:         0       0       0       0       0       0       0       0       0
Total ram usage:        0 bytes
 Hardware stack levels used:    1
 This function calls:
		Nothing
 This function is called by:
		Interrupt level 2
 This function uses a non-reentrant model


 *************** function _CCP1_ISR *****************
 Defined at:
		line 214 in file "interrupts.c"
 Parameters:    Size  Location     Type
		None
 Auto vars:     Size  Location     Type
		None
 Return value:  Size  Location     Type
                  1    wreg      void 
 Registers used:
		None
 Tracked objects:
		On entry : 
		On exit  : 
		Unchanged: 
 Data sizes:     COMRAM   BANK0   BANK1   BANK2   BANK3   BANK4   BANK5   BANK6   BANK7
      Params:         0       0       0       0       0       0       0       0       0
      Locals:         0       0       0       0       0       0       0       0       0
      Temps:          0       0       0       0       0       0       0       0       0
      Totals:         0       0       0       0       0       0       0       0       0
Total ram usage:        0 bytes
 Hardware stack levels used:    1
 This function calls:
		Nothing
 This function is called by:
		Interrupt level 2
 This function uses a non-reentrant model



MODULE INFORMATION

Module		Function		Class		Link	Load	Size
C:\Program Files (x86)\Microchip\xc8\v2.00\pic\sources\c99\common\Umul32.c
		___lmul        		CODE           	1848	0000	123

C:\Program Files (x86)\Microchip\xc8\v2.00\pic\sources\c99\common\Umul32.c estimated size: 123

interrupts.c
		_SWINT_ISR     		CODE           	1C84	0000	9
		_IOC_ISR       		CODE           	1C94	0000	9
		_SMT1PRA_ISR   		CODE           	0D1C	0000	587
		_TMR5_ISR      		CODE           	18C4	0000	117
		_SMT1PRW_ISR   		CODE           	0F68	0000	543
		_CCP1_ISR      		CODE           	1C9C	0000	9
		_DEFAULT_ISR   		CODE           	1C8C	0000	9
		_DMA1SCNT_ISR  		CODE           	1CA4	0000	7
		_SMT1_ISR      		CODE           	1BB8	0000	55

interrupts.c estimated size: 1345

ringBuffer.c
		_bufInit       		CODE           	1B44	0000	61
		_bufWriteIntIC1		CODE           	1AB0	0000	81
		_bufRead       		CODE           	1A0C	0000	85

ringBuffer.c estimated size: 227

C:\Program Files (x86)\Microchip\xc8\v2.00\pic\sources\c99\common\awdiv.c
		___awdiv       		CODE           	1516	0000	243

C:\Program Files (x86)\Microchip\xc8\v2.00\pic\sources\c99\common\awdiv.c estimated size: 243

shared
		_popCount8bits 		MEDIUMCONST    	0000	0000	0
		__initialization		CODE           	1938	0000	105
		_rowTable      		MEDIUMCONST    	7FF9	0000	7
		_bitOrderSwap  		MEDIUMCONST    	0000	0000	0
		_bin2seg7      		MEDIUMCONST    	7FE9	0000	17

shared estimated size: 129

../IR_format.c
		_checksum      		CODE           	1736	0000	141

../IR_format.c estimated size: 141

user.c
		_initGPIO      		CODE           	17C2	0000	135
		_initTransmitter		CODE           	1608	0000	155
		_initReceiver  		CODE           	1A60	0000	81
		_initPMD       		CODE           	1C12	0000	29
		_LED           		CODE           	16A2	0000	149
		_initInterrupt 		CODE           	1BEE	0000	37
		_InitApp       		CODE           	1C2E	0000	27
		_sendReport    		CODE           	0994	0000	903
		_initUI        		CODE           	1C48	0000	25

user.c estimated size: 1541

main.c
		_disableAllInterrupt		CODE           	1B80	0000	55
		_disableAllPMD 		CODE           	1C60	0000	21
		_main          		CODE           	054E	0000	1095
		_powerSave     		CODE           	1B00	0000	69
		_transceiverEnable		CODE           	19AA	0000	99

main.c estimated size: 1339

system.c
		_ConfigureOscillator		CODE           	1C74	0000	17

system.c estimated size: 17

swMatrix.c
		_swRegister    		CODE           	1362	0000	437
		_swUnregister  		CODE           	1186	0000	477
		_swProcess     		CODE           	00B2	0000	1181

swMatrix.c estimated size: 2095

